// Jest Snapshot v1, https://goo.gl/fbAQLP

exports[`ProjectCreationSuccessPopup.vue closes correctly 1`] = ``;

exports[`ProjectCreationSuccessPopup.vue renders correctly 1`] = `
<div class="project-creation-success-popup-container">
  <div id="successfulProjectCreationPopup" class="project-creation-success-popup">
    <div class="project-creation-success-popup__info-panel-container"><svg width="123" height="123" viewBox="0 0 123 123" fill="none" xmlns="http://www.w3.org/2000/svg">
        <circle cx="61.5" cy="61.5" r="59.5" fill="white" stroke="#34BF89" stroke-width="4"></circle>
        <path d="M28.9292 66.1529C25.9126 63.1363 25.9126 58.2453 28.9292 55.2287C31.9459 52.212 36.8368 52.212 39.8535 55.2287L58.0606 73.4358C61.0773 76.4524 61.0773 81.3434 58.0606 84.3601C55.044 87.3767 50.153 87.3767 47.1363 84.3601L28.9292 66.1529Z" fill="#34BF89"></path>
        <path d="M58.0606 84.3601C55.044 87.3767 50.153 87.3767 47.1363 84.3601C44.1197 81.3434 44.1197 76.4524 47.1363 73.4358L79.9092 40.663C82.9258 37.6463 87.8168 37.6463 90.8334 40.663C93.8501 43.6796 93.8501 48.5706 90.8334 51.5872L58.0606 84.3601Z" fill="#34BF89"></path>
      </svg>
      <p class="project-creation-success-popup__info-panel-container__title">Project Created!</p>
    </div>
    <div class="project-creation-success-popup__form-container">
      <h2 class="project-creation-success-popup__form-container__main-label-text">Congrats!</h2>
      <p class="project-creation-success-popup__form-container__confirmation-text">You just created your project. Next, we recommend you create your first API Key for this project. API Keys allow developers to manage their projects and build applications on top of the Storj network through our
        <a href="https://documentation.tardigrade.io/api-reference/uplink-cli" target="_blank" class="project-creation-success-popup__form-container__confirmation-text__link">Uplink CLI.</a></p>
      <div class="project-creation-success-popup__form-container__button-container">
        <div class="container white" style="width: 214px; height: 50px;">
          <h1 class="label">I will do it later</h1>
        </div>
        <div class="container" style="width: 214px; height: 50px;">
          <h1 class="label">Create API Key</h1>
        </div>
      </div>
    </div>
    <div class="project-creation-success-popup__close-cross-container"><svg width="16" height="16" viewBox="0 0 16 16" fill="none" xmlns="http://www.w3.org/2000/svg">
        <path d="M15.7071 1.70711C16.0976 1.31658 16.0976 0.683417 15.7071 0.292893C15.3166 -0.0976311 14.6834 -0.0976311 14.2929 0.292893L15.7071 1.70711ZM0.292893 14.2929C-0.0976311 14.6834 -0.0976311 15.3166 0.292893 15.7071C0.683417 16.0976 1.31658 16.0976 1.70711 15.7071L0.292893 14.2929ZM1.70711 0.292893C1.31658 -0.0976311 0.683417 -0.0976311 0.292893 0.292893C-0.0976311 0.683417 -0.0976311 1.31658 0.292893 1.70711L1.70711 0.292893ZM14.2929 15.7071C14.6834 16.0976 15.3166 16.0976 15.7071 15.7071C16.0976 15.3166 16.0976 14.6834 15.7071 14.2929L14.2929 15.7071ZM14.2929 0.292893L0.292893 14.2929L1.70711 15.7071L15.7071 1.70711L14.2929 0.292893ZM0.292893 1.70711L14.2929 15.7071L15.7071 14.2929L1.70711 0.292893L0.292893 1.70711Z" fill="#384B65" class="close-cross-svg-path"></path>
      </svg></div>
  </div>
</div>
`;
