// Jest Snapshot v1, https://goo.gl/fbAQLP

exports[`ProjectLimitsArea snapshot not changed 1`] = `
<div class="limits-container">
  <div class="limits-container__item">
    <p class="limits-container__item__title">Egress limits used</p>
    <div class="limits-container__item__values-container">
      <p class="limits-container__item__values-container__remaining">0</p>
      <p class="limits-container__item__values-container__total">/ 0</p>
    </div>
  </div>
  <div class="limits-container__item">
    <p class="limits-container__item__title">Storage limits used</p>
    <div class="limits-container__item__values-container">
      <p class="limits-container__item__values-container__remaining">0</p>
      <p class="limits-container__item__values-container__total">/ 0</p>
    </div>
  </div>
</div>
`;
