// Jest Snapshot v1, https://goo.gl/fbAQLP

exports[`Dashboard renders correctly when data is loaded 1`] = `
<div class="dashboard-container">
  <!---->
  <div class="dashboard-container__wrap">
    <navigationarea-stub class="regular-navigation"></navigationarea-stub>
    <div class="dashboard-container__wrap__column">
      <dashboardheader-stub></dashboardheader-stub>
      <div class="dashboard-container__main-area">
        <vbanner-stub text="You have no payment method added." additionaltext="To start work with your account please add Credit Card or add $50.00 or more worth of STORJ tokens to your balance."></vbanner-stub>
        <div class="dashboard-container__main-area__content">
          <router-view-stub name="default"></router-view-stub>
        </div>
      </div>
    </div>
  </div>
</div>
`;

exports[`Dashboard renders correctly when data is loading 1`] = `
<div class="dashboard-container">
  <div class="loading-overlay active"><img src="@/../static/images/register/Loading.gif" alt="Company logo loading gif" class="loading-image"></div>
  <!---->
</div>
`;
