// Jest Snapshot v1, https://goo.gl/fbAQLP

exports[`ApiKeysArea renders correctly 1`] = `
<div class="api-keys-area">
  <h1 class="api-keys-area__title">API Keys</h1>
  <div class="api-keys-area__container">
    <apikeyscreationpopup-stub></apikeyscreationpopup-stub>
    <apikeyscopypopup-stub apikeysecret=""></apikeyscopypopup-stub>
    <!---->
    <!---->
    <!---->
    <emptystate-stub maintitle="Let's create your first API Key" additionaltext="<p>API keys give access to the project allowing you to create buckets, upload files, and read them. Once you’ve created an API key, you’re ready to interact with the network through our Uplink CLI.</p>" imagesource="<svg width=&quot;346&quot; height=&quot;273&quot; viewBox=&quot;0 0 346 273&quot; fill=&quot;none&quot; xmlns=&quot;http://www.w3.org/2000/svg&quot;>
    <path d=&quot;M199.593 272.163C274.583 272.163 335.34 211.215 335.34 136.034C335.34 60.8521 274.583 0 199.593 0C124.602 0 63.8457 60.9476 63.8457 136.129C63.8457 211.311 124.602 272.163 199.593 272.163Z&quot; fill=&quot;#E8EAF2&quot;/>
    <path d=&quot;M274.391 209.88H126.512C120.016 209.88 114.666 204.53 114.666 198.034V80.5331C114.666 74.0371 120.016 68.6875 126.512 68.6875H274.295C280.791 68.6875 286.141 74.0371 286.141 80.5331V198.034C286.141 204.53 280.887 209.88 274.391 209.88Z&quot; fill=&quot;#8F96AD&quot;/>
    <path d=&quot;M267.036 197.371H135.875C132.34 197.371 129.379 194.409 129.379 190.875V90.9511C129.379 87.4165 132.34 84.4551 135.875 84.4551H267.036C270.571 84.4551 273.532 87.4165 273.532 90.9511V190.875C273.532 194.409 270.571 197.371 267.036 197.371Z&quot; fill=&quot;white&quot;/>
    <path d=&quot;M183.639 188.771C182.875 188.771 182.206 188.102 182.206 187.338V93.9105C182.206 93.1462 182.875 92.4775 183.639 92.4775C184.403 92.4775 185.072 93.1462 185.072 93.9105V187.338C185.072 188.102 184.403 188.771 183.639 188.771Z&quot; fill=&quot;#ABB0C1&quot;/>
    <path d=&quot;M217.838 155.908L195.007 139.191L217.838 120.658C218.507 120.085 218.603 119.13 218.029 118.461C217.456 117.792 216.501 117.697 215.832 118.27L191.568 138.044C191.186 138.331 190.995 138.809 190.995 139.286C190.995 139.764 191.281 140.242 191.663 140.528L216.119 158.392C216.405 158.583 216.692 158.679 217.074 158.679C217.552 158.679 218.029 158.488 218.316 158.01C218.698 157.341 218.507 156.386 217.838 155.908Z&quot; fill=&quot;#8F96AD&quot;/>
    <path d=&quot;M266.272 138.042L241.816 118.172C241.147 117.599 240.192 117.695 239.619 118.363C239.046 119.032 239.141 119.987 239.81 120.56L262.642 139.093L239.81 155.811C239.141 156.288 238.95 157.244 239.523 158.008C239.81 158.39 240.288 158.677 240.765 158.677C241.052 158.677 241.434 158.581 241.721 158.39L266.176 140.526C266.558 140.24 266.749 139.762 266.845 139.284C266.845 138.807 266.654 138.329 266.272 138.042Z&quot; fill=&quot;#8F96AD&quot;/>
    <path d=&quot;M233.218 113.779C232.358 113.588 231.594 114.161 231.403 115.021L222.423 162.977C222.232 163.836 222.805 164.601 223.665 164.792C223.856 164.792 224.047 164.792 224.238 164.792C224.811 164.696 225.384 164.218 225.48 163.55L234.46 115.594C234.651 114.83 234.078 113.97 233.218 113.779Z&quot; fill=&quot;#8F96AD&quot;/>
    <path d=&quot;M181.059 81.1043H132.434C130.524 81.1043 128.9 79.4803 128.9 77.5697C128.9 75.6591 130.524 74.0352 132.434 74.0352H181.059C182.969 74.0352 184.593 75.6591 184.593 77.5697C184.593 79.4803 183.065 81.1043 181.059 81.1043Z&quot; fill=&quot;white&quot;/>
    <path fill-rule=&quot;evenodd&quot; clip-rule=&quot;evenodd&quot; d=&quot;M342.789 176.059C344.605 176.059 345.942 177.492 345.942 179.307C345.082 203.953 334.67 226.211 318.334 242.547C301.999 258.882 279.74 269.295 255.094 270.155C253.279 270.25 251.846 268.817 251.846 267.002V239.012C251.846 237.293 253.183 235.955 254.903 235.86C270.187 235.096 283.943 228.504 294.165 218.378C304.387 208.156 310.883 194.4 311.647 179.116C311.743 177.396 313.08 176.059 314.799 176.059H342.789Z&quot; fill=&quot;#B0B6C9&quot;/>
    <path d=&quot;M253.281 262.994C259.401 262.994 264.362 258.033 264.362 251.912C264.362 245.792 259.401 240.831 253.281 240.831C247.161 240.831 242.2 245.792 242.2 251.912C242.2 258.033 247.161 262.994 253.281 262.994Z&quot; fill=&quot;#8F96AD&quot;/>
    <path d=&quot;M73.017 36.1123C81.137 36.1123 87.824 29.2342 87.824 20.8276C87.824 12.4211 81.137 5.54297 73.017 5.54297C64.897 5.54297 58.21 12.4211 58.21 20.8276C58.1145 29.3297 64.8015 36.1123 73.017 36.1123Z&quot; fill=&quot;#8F96AD&quot;/>
    <path d=&quot;M73.0181 27.5157C76.6482 27.5157 79.7051 24.5543 79.7051 20.8286C79.7051 17.1985 76.7437 14.1416 73.0181 14.1416C69.388 14.1416 66.3311 17.103 66.3311 20.8286C66.3311 24.5543 69.2925 27.5157 73.0181 27.5157Z&quot; fill=&quot;white&quot;/>
    <path fill-rule=&quot;evenodd&quot; clip-rule=&quot;evenodd&quot; d=&quot;M156.51 42.5093C159.949 42.5093 162.815 39.6434 162.815 36.2043C162.815 32.7653 159.949 29.8994 156.51 29.8994C153.071 29.8994 150.205 32.7653 150.205 36.2043C150.11 39.6434 152.976 42.5093 156.51 42.5093Z&quot; fill=&quot;#8F96AD&quot;/>
    <path fill-rule=&quot;evenodd&quot; clip-rule=&quot;evenodd&quot; d=&quot;M113.904 242.359C117.343 242.359 120.209 239.493 120.209 236.054C120.209 232.615 117.343 229.749 113.904 229.749C110.465 229.749 107.599 232.615 107.599 236.054C107.599 239.589 110.369 242.359 113.904 242.359Z&quot; fill=&quot;white&quot;/>
    <path fill-rule=&quot;evenodd&quot; clip-rule=&quot;evenodd&quot; d=&quot;M132.055 242.359C135.494 242.359 138.36 239.493 138.36 236.054C138.36 232.615 135.494 229.749 132.055 229.749C128.616 229.749 125.75 232.615 125.75 236.054C125.654 239.589 128.52 242.359 132.055 242.359Z&quot; fill=&quot;white&quot;/>
    <path fill-rule=&quot;evenodd&quot; clip-rule=&quot;evenodd&quot; d=&quot;M150.111 242.359C153.55 242.359 156.416 239.493 156.416 236.054C156.416 232.615 153.55 229.749 150.111 229.749C146.672 229.749 143.806 232.615 143.806 236.054C143.806 239.589 146.672 242.359 150.111 242.359Z&quot; fill=&quot;#8F96AD&quot;/>
    <path d=&quot;M140.078 128.585H157.942C159.757 128.585 161.286 127.152 161.286 125.433C161.286 123.713 159.757 122.28 157.942 122.28H140.078C138.263 122.28 136.735 123.713 136.735 125.433C136.735 127.152 138.263 128.585 140.078 128.585Z&quot; fill=&quot;#B0B6C9&quot;/>
    <path d=&quot;M139.982 115.976H171.315C173.131 115.976 174.659 114.352 174.659 112.442C174.659 110.531 173.131 108.907 171.315 108.907H140.077C138.262 108.907 136.734 110.531 136.734 112.442C136.734 114.352 138.167 115.976 139.982 115.976Z&quot; fill=&quot;#B0B6C9&quot;/>
    <path d=&quot;M141.606 146.546H143.707C145.522 146.546 147.051 144.922 147.051 143.011C147.051 141.005 145.618 139.477 143.707 139.477H141.606C139.791 139.477 138.262 141.101 138.262 143.011C138.358 145.017 139.791 146.546 141.606 146.546Z&quot; fill=&quot;#8F96AD&quot;/>
    <path d=&quot;M154.216 146.546H156.317C158.132 146.546 159.661 144.922 159.661 143.011C159.661 141.005 158.228 139.477 156.317 139.477H154.216C152.401 139.477 150.872 141.101 150.872 143.011C150.968 145.017 152.401 146.546 154.216 146.546Z&quot; fill=&quot;#8F96AD&quot;/>
    <path d=&quot;M126.229 158.861C125.787 158.861 125.433 158.861 125.079 158.949C124.372 159.037 123.665 158.598 123.4 157.983C115.091 142.97 99.0028 132.786 80.4398 132.786C63.6447 132.786 48.7943 141.127 40.0431 153.857C39.6011 154.471 38.8056 154.735 38.0984 154.647C35.8885 154.208 33.5903 153.944 31.292 153.944C13.9665 153.857 0 167.553 0 184.585C0 184.585 0 184.585 0 184.672C0 185.638 0.795558 186.428 1.8563 186.428H150.449C151.421 186.428 152.305 185.638 152.305 184.672V184.585C152.305 170.362 140.637 158.861 126.229 158.861Z&quot; fill=&quot;#B0B6C9&quot;/>
    </svg>" isbuttonshown="true" onbuttonclick="function () { [native code] }" buttonlabel="Create an API Key"></emptystate-stub>
  </div>
</div>
`;

exports[`ApiKeysArea renders empty screen with add key prompt 1`] = `
<div class="api-keys-area">
  <h1 class="api-keys-area__title">API Keys</h1>
  <div class="api-keys-area__container">
    <apikeyscreationpopup-stub></apikeyscreationpopup-stub>
    <apikeyscopypopup-stub apikeysecret=""></apikeyscopypopup-stub>
    <!---->
    <!---->
    <!---->
    <emptystate-stub maintitle="Let's create your first API Key" additionaltext="<p>API keys give access to the project allowing you to create buckets, upload files, and read them. Once you’ve created an API key, you’re ready to interact with the network through our Uplink CLI.</p>" imagesource="<svg width=&quot;346&quot; height=&quot;273&quot; viewBox=&quot;0 0 346 273&quot; fill=&quot;none&quot; xmlns=&quot;http://www.w3.org/2000/svg&quot;>
    <path d=&quot;M199.593 272.163C274.583 272.163 335.34 211.215 335.34 136.034C335.34 60.8521 274.583 0 199.593 0C124.602 0 63.8457 60.9476 63.8457 136.129C63.8457 211.311 124.602 272.163 199.593 272.163Z&quot; fill=&quot;#E8EAF2&quot;/>
    <path d=&quot;M274.391 209.88H126.512C120.016 209.88 114.666 204.53 114.666 198.034V80.5331C114.666 74.0371 120.016 68.6875 126.512 68.6875H274.295C280.791 68.6875 286.141 74.0371 286.141 80.5331V198.034C286.141 204.53 280.887 209.88 274.391 209.88Z&quot; fill=&quot;#8F96AD&quot;/>
    <path d=&quot;M267.036 197.371H135.875C132.34 197.371 129.379 194.409 129.379 190.875V90.9511C129.379 87.4165 132.34 84.4551 135.875 84.4551H267.036C270.571 84.4551 273.532 87.4165 273.532 90.9511V190.875C273.532 194.409 270.571 197.371 267.036 197.371Z&quot; fill=&quot;white&quot;/>
    <path d=&quot;M183.639 188.771C182.875 188.771 182.206 188.102 182.206 187.338V93.9105C182.206 93.1462 182.875 92.4775 183.639 92.4775C184.403 92.4775 185.072 93.1462 185.072 93.9105V187.338C185.072 188.102 184.403 188.771 183.639 188.771Z&quot; fill=&quot;#ABB0C1&quot;/>
    <path d=&quot;M217.838 155.908L195.007 139.191L217.838 120.658C218.507 120.085 218.603 119.13 218.029 118.461C217.456 117.792 216.501 117.697 215.832 118.27L191.568 138.044C191.186 138.331 190.995 138.809 190.995 139.286C190.995 139.764 191.281 140.242 191.663 140.528L216.119 158.392C216.405 158.583 216.692 158.679 217.074 158.679C217.552 158.679 218.029 158.488 218.316 158.01C218.698 157.341 218.507 156.386 217.838 155.908Z&quot; fill=&quot;#8F96AD&quot;/>
    <path d=&quot;M266.272 138.042L241.816 118.172C241.147 117.599 240.192 117.695 239.619 118.363C239.046 119.032 239.141 119.987 239.81 120.56L262.642 139.093L239.81 155.811C239.141 156.288 238.95 157.244 239.523 158.008C239.81 158.39 240.288 158.677 240.765 158.677C241.052 158.677 241.434 158.581 241.721 158.39L266.176 140.526C266.558 140.24 266.749 139.762 266.845 139.284C266.845 138.807 266.654 138.329 266.272 138.042Z&quot; fill=&quot;#8F96AD&quot;/>
    <path d=&quot;M233.218 113.779C232.358 113.588 231.594 114.161 231.403 115.021L222.423 162.977C222.232 163.836 222.805 164.601 223.665 164.792C223.856 164.792 224.047 164.792 224.238 164.792C224.811 164.696 225.384 164.218 225.48 163.55L234.46 115.594C234.651 114.83 234.078 113.97 233.218 113.779Z&quot; fill=&quot;#8F96AD&quot;/>
    <path d=&quot;M181.059 81.1043H132.434C130.524 81.1043 128.9 79.4803 128.9 77.5697C128.9 75.6591 130.524 74.0352 132.434 74.0352H181.059C182.969 74.0352 184.593 75.6591 184.593 77.5697C184.593 79.4803 183.065 81.1043 181.059 81.1043Z&quot; fill=&quot;white&quot;/>
    <path fill-rule=&quot;evenodd&quot; clip-rule=&quot;evenodd&quot; d=&quot;M342.789 176.059C344.605 176.059 345.942 177.492 345.942 179.307C345.082 203.953 334.67 226.211 318.334 242.547C301.999 258.882 279.74 269.295 255.094 270.155C253.279 270.25 251.846 268.817 251.846 267.002V239.012C251.846 237.293 253.183 235.955 254.903 235.86C270.187 235.096 283.943 228.504 294.165 218.378C304.387 208.156 310.883 194.4 311.647 179.116C311.743 177.396 313.08 176.059 314.799 176.059H342.789Z&quot; fill=&quot;#B0B6C9&quot;/>
    <path d=&quot;M253.281 262.994C259.401 262.994 264.362 258.033 264.362 251.912C264.362 245.792 259.401 240.831 253.281 240.831C247.161 240.831 242.2 245.792 242.2 251.912C242.2 258.033 247.161 262.994 253.281 262.994Z&quot; fill=&quot;#8F96AD&quot;/>
    <path d=&quot;M73.017 36.1123C81.137 36.1123 87.824 29.2342 87.824 20.8276C87.824 12.4211 81.137 5.54297 73.017 5.54297C64.897 5.54297 58.21 12.4211 58.21 20.8276C58.1145 29.3297 64.8015 36.1123 73.017 36.1123Z&quot; fill=&quot;#8F96AD&quot;/>
    <path d=&quot;M73.0181 27.5157C76.6482 27.5157 79.7051 24.5543 79.7051 20.8286C79.7051 17.1985 76.7437 14.1416 73.0181 14.1416C69.388 14.1416 66.3311 17.103 66.3311 20.8286C66.3311 24.5543 69.2925 27.5157 73.0181 27.5157Z&quot; fill=&quot;white&quot;/>
    <path fill-rule=&quot;evenodd&quot; clip-rule=&quot;evenodd&quot; d=&quot;M156.51 42.5093C159.949 42.5093 162.815 39.6434 162.815 36.2043C162.815 32.7653 159.949 29.8994 156.51 29.8994C153.071 29.8994 150.205 32.7653 150.205 36.2043C150.11 39.6434 152.976 42.5093 156.51 42.5093Z&quot; fill=&quot;#8F96AD&quot;/>
    <path fill-rule=&quot;evenodd&quot; clip-rule=&quot;evenodd&quot; d=&quot;M113.904 242.359C117.343 242.359 120.209 239.493 120.209 236.054C120.209 232.615 117.343 229.749 113.904 229.749C110.465 229.749 107.599 232.615 107.599 236.054C107.599 239.589 110.369 242.359 113.904 242.359Z&quot; fill=&quot;white&quot;/>
    <path fill-rule=&quot;evenodd&quot; clip-rule=&quot;evenodd&quot; d=&quot;M132.055 242.359C135.494 242.359 138.36 239.493 138.36 236.054C138.36 232.615 135.494 229.749 132.055 229.749C128.616 229.749 125.75 232.615 125.75 236.054C125.654 239.589 128.52 242.359 132.055 242.359Z&quot; fill=&quot;white&quot;/>
    <path fill-rule=&quot;evenodd&quot; clip-rule=&quot;evenodd&quot; d=&quot;M150.111 242.359C153.55 242.359 156.416 239.493 156.416 236.054C156.416 232.615 153.55 229.749 150.111 229.749C146.672 229.749 143.806 232.615 143.806 236.054C143.806 239.589 146.672 242.359 150.111 242.359Z&quot; fill=&quot;#8F96AD&quot;/>
    <path d=&quot;M140.078 128.585H157.942C159.757 128.585 161.286 127.152 161.286 125.433C161.286 123.713 159.757 122.28 157.942 122.28H140.078C138.263 122.28 136.735 123.713 136.735 125.433C136.735 127.152 138.263 128.585 140.078 128.585Z&quot; fill=&quot;#B0B6C9&quot;/>
    <path d=&quot;M139.982 115.976H171.315C173.131 115.976 174.659 114.352 174.659 112.442C174.659 110.531 173.131 108.907 171.315 108.907H140.077C138.262 108.907 136.734 110.531 136.734 112.442C136.734 114.352 138.167 115.976 139.982 115.976Z&quot; fill=&quot;#B0B6C9&quot;/>
    <path d=&quot;M141.606 146.546H143.707C145.522 146.546 147.051 144.922 147.051 143.011C147.051 141.005 145.618 139.477 143.707 139.477H141.606C139.791 139.477 138.262 141.101 138.262 143.011C138.358 145.017 139.791 146.546 141.606 146.546Z&quot; fill=&quot;#8F96AD&quot;/>
    <path d=&quot;M154.216 146.546H156.317C158.132 146.546 159.661 144.922 159.661 143.011C159.661 141.005 158.228 139.477 156.317 139.477H154.216C152.401 139.477 150.872 141.101 150.872 143.011C150.968 145.017 152.401 146.546 154.216 146.546Z&quot; fill=&quot;#8F96AD&quot;/>
    <path d=&quot;M126.229 158.861C125.787 158.861 125.433 158.861 125.079 158.949C124.372 159.037 123.665 158.598 123.4 157.983C115.091 142.97 99.0028 132.786 80.4398 132.786C63.6447 132.786 48.7943 141.127 40.0431 153.857C39.6011 154.471 38.8056 154.735 38.0984 154.647C35.8885 154.208 33.5903 153.944 31.292 153.944C13.9665 153.857 0 167.553 0 184.585C0 184.585 0 184.585 0 184.672C0 185.638 0.795558 186.428 1.8563 186.428H150.449C151.421 186.428 152.305 185.638 152.305 184.672V184.585C152.305 170.362 140.637 158.861 126.229 158.861Z&quot; fill=&quot;#B0B6C9&quot;/>
    </svg>" isbuttonshown="true" onbuttonclick="function () { [native code] }" buttonlabel="Create an API Key"></emptystate-stub>
  </div>
</div>
`;

exports[`ApiKeysArea renders empty search state correctly 1`] = `
<div class="api-keys-area">
  <h1 class="api-keys-area__title">API Keys</h1>
  <div class="api-keys-area__container">
    <apikeyscreationpopup-stub></apikeyscreationpopup-stub>
    <apikeyscopypopup-stub apikeysecret=""></apikeyscopypopup-stub>
    <!---->
    <!---->
    <!---->
    <emptystate-stub maintitle="Let's create your first API Key" additionaltext="<p>API keys give access to the project allowing you to create buckets, upload files, and read them. Once you’ve created an API key, you’re ready to interact with the network through our Uplink CLI.</p>" imagesource="<svg width=&quot;346&quot; height=&quot;273&quot; viewBox=&quot;0 0 346 273&quot; fill=&quot;none&quot; xmlns=&quot;http://www.w3.org/2000/svg&quot;>
    <path d=&quot;M199.593 272.163C274.583 272.163 335.34 211.215 335.34 136.034C335.34 60.8521 274.583 0 199.593 0C124.602 0 63.8457 60.9476 63.8457 136.129C63.8457 211.311 124.602 272.163 199.593 272.163Z&quot; fill=&quot;#E8EAF2&quot;/>
    <path d=&quot;M274.391 209.88H126.512C120.016 209.88 114.666 204.53 114.666 198.034V80.5331C114.666 74.0371 120.016 68.6875 126.512 68.6875H274.295C280.791 68.6875 286.141 74.0371 286.141 80.5331V198.034C286.141 204.53 280.887 209.88 274.391 209.88Z&quot; fill=&quot;#8F96AD&quot;/>
    <path d=&quot;M267.036 197.371H135.875C132.34 197.371 129.379 194.409 129.379 190.875V90.9511C129.379 87.4165 132.34 84.4551 135.875 84.4551H267.036C270.571 84.4551 273.532 87.4165 273.532 90.9511V190.875C273.532 194.409 270.571 197.371 267.036 197.371Z&quot; fill=&quot;white&quot;/>
    <path d=&quot;M183.639 188.771C182.875 188.771 182.206 188.102 182.206 187.338V93.9105C182.206 93.1462 182.875 92.4775 183.639 92.4775C184.403 92.4775 185.072 93.1462 185.072 93.9105V187.338C185.072 188.102 184.403 188.771 183.639 188.771Z&quot; fill=&quot;#ABB0C1&quot;/>
    <path d=&quot;M217.838 155.908L195.007 139.191L217.838 120.658C218.507 120.085 218.603 119.13 218.029 118.461C217.456 117.792 216.501 117.697 215.832 118.27L191.568 138.044C191.186 138.331 190.995 138.809 190.995 139.286C190.995 139.764 191.281 140.242 191.663 140.528L216.119 158.392C216.405 158.583 216.692 158.679 217.074 158.679C217.552 158.679 218.029 158.488 218.316 158.01C218.698 157.341 218.507 156.386 217.838 155.908Z&quot; fill=&quot;#8F96AD&quot;/>
    <path d=&quot;M266.272 138.042L241.816 118.172C241.147 117.599 240.192 117.695 239.619 118.363C239.046 119.032 239.141 119.987 239.81 120.56L262.642 139.093L239.81 155.811C239.141 156.288 238.95 157.244 239.523 158.008C239.81 158.39 240.288 158.677 240.765 158.677C241.052 158.677 241.434 158.581 241.721 158.39L266.176 140.526C266.558 140.24 266.749 139.762 266.845 139.284C266.845 138.807 266.654 138.329 266.272 138.042Z&quot; fill=&quot;#8F96AD&quot;/>
    <path d=&quot;M233.218 113.779C232.358 113.588 231.594 114.161 231.403 115.021L222.423 162.977C222.232 163.836 222.805 164.601 223.665 164.792C223.856 164.792 224.047 164.792 224.238 164.792C224.811 164.696 225.384 164.218 225.48 163.55L234.46 115.594C234.651 114.83 234.078 113.97 233.218 113.779Z&quot; fill=&quot;#8F96AD&quot;/>
    <path d=&quot;M181.059 81.1043H132.434C130.524 81.1043 128.9 79.4803 128.9 77.5697C128.9 75.6591 130.524 74.0352 132.434 74.0352H181.059C182.969 74.0352 184.593 75.6591 184.593 77.5697C184.593 79.4803 183.065 81.1043 181.059 81.1043Z&quot; fill=&quot;white&quot;/>
    <path fill-rule=&quot;evenodd&quot; clip-rule=&quot;evenodd&quot; d=&quot;M342.789 176.059C344.605 176.059 345.942 177.492 345.942 179.307C345.082 203.953 334.67 226.211 318.334 242.547C301.999 258.882 279.74 269.295 255.094 270.155C253.279 270.25 251.846 268.817 251.846 267.002V239.012C251.846 237.293 253.183 235.955 254.903 235.86C270.187 235.096 283.943 228.504 294.165 218.378C304.387 208.156 310.883 194.4 311.647 179.116C311.743 177.396 313.08 176.059 314.799 176.059H342.789Z&quot; fill=&quot;#B0B6C9&quot;/>
    <path d=&quot;M253.281 262.994C259.401 262.994 264.362 258.033 264.362 251.912C264.362 245.792 259.401 240.831 253.281 240.831C247.161 240.831 242.2 245.792 242.2 251.912C242.2 258.033 247.161 262.994 253.281 262.994Z&quot; fill=&quot;#8F96AD&quot;/>
    <path d=&quot;M73.017 36.1123C81.137 36.1123 87.824 29.2342 87.824 20.8276C87.824 12.4211 81.137 5.54297 73.017 5.54297C64.897 5.54297 58.21 12.4211 58.21 20.8276C58.1145 29.3297 64.8015 36.1123 73.017 36.1123Z&quot; fill=&quot;#8F96AD&quot;/>
    <path d=&quot;M73.0181 27.5157C76.6482 27.5157 79.7051 24.5543 79.7051 20.8286C79.7051 17.1985 76.7437 14.1416 73.0181 14.1416C69.388 14.1416 66.3311 17.103 66.3311 20.8286C66.3311 24.5543 69.2925 27.5157 73.0181 27.5157Z&quot; fill=&quot;white&quot;/>
    <path fill-rule=&quot;evenodd&quot; clip-rule=&quot;evenodd&quot; d=&quot;M156.51 42.5093C159.949 42.5093 162.815 39.6434 162.815 36.2043C162.815 32.7653 159.949 29.8994 156.51 29.8994C153.071 29.8994 150.205 32.7653 150.205 36.2043C150.11 39.6434 152.976 42.5093 156.51 42.5093Z&quot; fill=&quot;#8F96AD&quot;/>
    <path fill-rule=&quot;evenodd&quot; clip-rule=&quot;evenodd&quot; d=&quot;M113.904 242.359C117.343 242.359 120.209 239.493 120.209 236.054C120.209 232.615 117.343 229.749 113.904 229.749C110.465 229.749 107.599 232.615 107.599 236.054C107.599 239.589 110.369 242.359 113.904 242.359Z&quot; fill=&quot;white&quot;/>
    <path fill-rule=&quot;evenodd&quot; clip-rule=&quot;evenodd&quot; d=&quot;M132.055 242.359C135.494 242.359 138.36 239.493 138.36 236.054C138.36 232.615 135.494 229.749 132.055 229.749C128.616 229.749 125.75 232.615 125.75 236.054C125.654 239.589 128.52 242.359 132.055 242.359Z&quot; fill=&quot;white&quot;/>
    <path fill-rule=&quot;evenodd&quot; clip-rule=&quot;evenodd&quot; d=&quot;M150.111 242.359C153.55 242.359 156.416 239.493 156.416 236.054C156.416 232.615 153.55 229.749 150.111 229.749C146.672 229.749 143.806 232.615 143.806 236.054C143.806 239.589 146.672 242.359 150.111 242.359Z&quot; fill=&quot;#8F96AD&quot;/>
    <path d=&quot;M140.078 128.585H157.942C159.757 128.585 161.286 127.152 161.286 125.433C161.286 123.713 159.757 122.28 157.942 122.28H140.078C138.263 122.28 136.735 123.713 136.735 125.433C136.735 127.152 138.263 128.585 140.078 128.585Z&quot; fill=&quot;#B0B6C9&quot;/>
    <path d=&quot;M139.982 115.976H171.315C173.131 115.976 174.659 114.352 174.659 112.442C174.659 110.531 173.131 108.907 171.315 108.907H140.077C138.262 108.907 136.734 110.531 136.734 112.442C136.734 114.352 138.167 115.976 139.982 115.976Z&quot; fill=&quot;#B0B6C9&quot;/>
    <path d=&quot;M141.606 146.546H143.707C145.522 146.546 147.051 144.922 147.051 143.011C147.051 141.005 145.618 139.477 143.707 139.477H141.606C139.791 139.477 138.262 141.101 138.262 143.011C138.358 145.017 139.791 146.546 141.606 146.546Z&quot; fill=&quot;#8F96AD&quot;/>
    <path d=&quot;M154.216 146.546H156.317C158.132 146.546 159.661 144.922 159.661 143.011C159.661 141.005 158.228 139.477 156.317 139.477H154.216C152.401 139.477 150.872 141.101 150.872 143.011C150.968 145.017 152.401 146.546 154.216 146.546Z&quot; fill=&quot;#8F96AD&quot;/>
    <path d=&quot;M126.229 158.861C125.787 158.861 125.433 158.861 125.079 158.949C124.372 159.037 123.665 158.598 123.4 157.983C115.091 142.97 99.0028 132.786 80.4398 132.786C63.6447 132.786 48.7943 141.127 40.0431 153.857C39.6011 154.471 38.8056 154.735 38.0984 154.647C35.8885 154.208 33.5903 153.944 31.292 153.944C13.9665 153.857 0 167.553 0 184.585C0 184.585 0 184.585 0 184.672C0 185.638 0.795558 186.428 1.8563 186.428H150.449C151.421 186.428 152.305 185.638 152.305 184.672V184.585C152.305 170.362 140.637 158.861 126.229 158.861Z&quot; fill=&quot;#B0B6C9&quot;/>
    </svg>" isbuttonshown="true" onbuttonclick="function () { [native code] }" buttonlabel="Create an API Key"></emptystate-stub>
  </div>
</div>
`;
