// Jest Snapshot v1, https://goo.gl/fbAQLP

exports[`ApiKeysCopyPopup renders correctly 1`] = ``;
