// Jest Snapshot v1, https://goo.gl/fbAQLP

exports[`ApiKeysCreationPopup renders correctly 1`] = ``;
