// Jest Snapshot v1, https://goo.gl/fbAQLP

exports[`HeaderedInput.vue renders correctly with default props 1`] = `
<div class="inputContainer">
  <div class="labelContainer">
    <!---->
    <h3>default</h3>
    <!---->
  </div>
  <!---->
  <!----> <input id="default" placeholder="default" type="text" style="width: 100%; height: 48px;">
</div>
`;

exports[`HeaderedInput.vue renders correctly with input error 1`] = `
<div class="inputContainer">
  <div class="labelContainer"><img src="../../static/images/register/ErrorInfo.svg">
    <!---->
    <h3 class="error">testError</h3>
  </div>
  <!---->
  <!----> <input id="default" placeholder="default" type="text" style="width: 100%; height: 48px;">
</div>
`;

exports[`HeaderedInput.vue renders correctly with isMultiline props 1`] = `
<div class="inputContainer">
  <div class="labelContainer">
    <!---->
    <h3>default</h3>
    <!---->
  </div>
  <!----> <textarea id="default" placeholder="default" rows="5" cols="40" wrap="hard" style="width: 100%; height: 48px;"></textarea>
  <!---->
</div>
`;
